../Core/Src/main.c:144:5:main	24	static
../Core/Src/main.c:223:6:SystemClock_Config	88	static
../Core/Src/main.c:270:13:MX_TIM1_Init	96	static
../Core/Src/main.c:345:13:MX_TIM2_Init	56	static
../Core/Src/main.c:394:13:MX_TIM5_Init	32	static
../Core/Src/main.c:439:13:MX_USART2_UART_Init	8	static
../Core/Src/main.c:472:13:MX_GPIO_Init	48	static
../Core/Src/main.c:511:6:HAL_TIM_PeriodElasedCallback	24	static
../Core/Src/main.c:518:10:micros	12	static
../Core/Src/main.c:523:6:PulseEncoder	4	static
../Core/Src/main.c:528:7:Velocity_Approximate	40	static
../Core/Src/main.c:542:6:TrajectoryWithPID	4	static
../Core/Src/main.c:548:6:PositionControl	16	static
../Core/Src/main.c:576:6:VelocityControl	4	static
../Core/Src/main.c:609:6:lowpassfilterforPosition	4	static
../Core/Src/main.c:619:6:lowpassfilterforVelocity	4	static
../Core/Src/main.c:630:6:DriveMotor	8	static
../Core/Src/main.c:655:7:pulse2mm	16	static
../Core/Src/main.c:666:6:Error_Handler	4	static,ignoring_inline_asm
