../Core/Src/main.c:166:5:main	24	static
../Core/Src/main.c:244:6:SystemClock_Config	88	static
../Core/Src/main.c:291:13:MX_TIM1_Init	96	static
../Core/Src/main.c:366:13:MX_TIM3_Init	56	static
../Core/Src/main.c:415:13:MX_TIM5_Init	32	static
../Core/Src/main.c:460:13:MX_USART2_UART_Init	8	static
../Core/Src/main.c:493:13:MX_GPIO_Init	48	static
../Core/Src/main.c:522:6:HAL_TIM_PeriodElasedCallback	24	static
../Core/Src/main.c:529:10:micros	12	static
../Core/Src/main.c:534:6:PulseEncoder	32	static
../Core/Src/main.c:561:7:Velocity_Approximate	40	static
../Core/Src/main.c:575:6:TrajectoryWithPID	4	static
../Core/Src/main.c:581:6:PositionControl	16	static
../Core/Src/main.c:612:6:VelocityControl	4	static
../Core/Src/main.c:646:6:PositionControlVelocityForm	4	static
../Core/Src/main.c:659:6:lowpassfilterforPosition	4	static
../Core/Src/main.c:669:6:lowpassfilterforVelocity	4	static
../Core/Src/main.c:680:6:DriveMotor	8	static
../Core/Src/main.c:705:7:pulse2mm	16	static
../Core/Src/main.c:716:6:Error_Handler	4	static,ignoring_inline_asm
